{
    "-profile docker,test": {
        "content": [
            {
                "BISMARK_GENOMEPREPARATION": {
                    "bismark": "0.25.1"
                },
                "BOWTIE2_BUILD": {
                    "bowtie2": "2.5.4"
                },
                "BWA_INDEX": {
                    "bwa": "0.7.19-r1273"
                },
                "COUNT_CHROMOSOMES_SIZES": {
                    "python": "3.11.9",
                    "biopython": 1.79
                },
                "CREATE_BED_FILES": {
                    "python": "3.11.0"
                },
                "CREATE_GENES_DB": {
                    "python": "3.11.0"
                },
                "CREATE_GENOMES_CONFIG": {
                    "python": "3.11.0",
                    "pydantic": "2.11.7"
                },
                "GATK4_CREATESEQUENCEDICTIONARY": {
                    "gatk4": "4.6.2.0"
                },
                "MD5SUM": {
                    "md5sum": 9.5
                },
                "RSEM_PREPAREREFERENCE": {
                    "rsem": "1.3.1",
                    "star": "2.7.10a"
                },
                "SALMON_INDEX": {
                    "salmon": "1.10.3"
                },
                "SAMTOOLS_FAIDX": {
                    "samtools": "1.22.1"
                },
                "STAR_GENOMEGENERATE": {
                    "star": "2.7.11b",
                    "samtools": 1.21,
                    "gawk": "5.1.0"
                },
                "Workflow": {
                    "nfdata-omics/genomeprep": "v3.4.1"
                }
            },
            [
                "bed_files",
                "bed_files/bed",
                "bed_files/bed/genes.bed",
                "bed_files/bed/promoters.bed",
                "bed_files/versions.yml",
                "bismark",
                "bismark/BismarkIndex",
                "bismark/BismarkIndex/Bisulfite_Genome",
                "bismark/BismarkIndex/Bisulfite_Genome/CT_conversion",
                "bismark/BismarkIndex/Bisulfite_Genome/CT_conversion/BS_CT.1.bt2",
                "bismark/BismarkIndex/Bisulfite_Genome/CT_conversion/BS_CT.2.bt2",
                "bismark/BismarkIndex/Bisulfite_Genome/CT_conversion/BS_CT.3.bt2",
                "bismark/BismarkIndex/Bisulfite_Genome/CT_conversion/BS_CT.4.bt2",
                "bismark/BismarkIndex/Bisulfite_Genome/CT_conversion/BS_CT.rev.1.bt2",
                "bismark/BismarkIndex/Bisulfite_Genome/CT_conversion/BS_CT.rev.2.bt2",
                "bismark/BismarkIndex/Bisulfite_Genome/CT_conversion/genome_mfa.CT_conversion.fa",
                "bismark/BismarkIndex/Bisulfite_Genome/GA_conversion",
                "bismark/BismarkIndex/Bisulfite_Genome/GA_conversion/BS_GA.1.bt2",
                "bismark/BismarkIndex/Bisulfite_Genome/GA_conversion/BS_GA.2.bt2",
                "bismark/BismarkIndex/Bisulfite_Genome/GA_conversion/BS_GA.3.bt2",
                "bismark/BismarkIndex/Bisulfite_Genome/GA_conversion/BS_GA.4.bt2",
                "bismark/BismarkIndex/Bisulfite_Genome/GA_conversion/BS_GA.rev.1.bt2",
                "bismark/BismarkIndex/Bisulfite_Genome/GA_conversion/BS_GA.rev.2.bt2",
                "bismark/BismarkIndex/Bisulfite_Genome/GA_conversion/genome_mfa.GA_conversion.fa",
                "bismark/BismarkIndex/chr21_subset.fa",
                "bowtie2",
                "bowtie2/bowtie2",
                "bowtie2/bowtie2/chr21_subset.1.bt2",
                "bowtie2/bowtie2/chr21_subset.2.bt2",
                "bowtie2/bowtie2/chr21_subset.3.bt2",
                "bowtie2/bowtie2/chr21_subset.4.bt2",
                "bowtie2/bowtie2/chr21_subset.rev.1.bt2",
                "bowtie2/bowtie2/chr21_subset.rev.2.bt2",
                "bwa",
                "bwa/bwa",
                "bwa/bwa/chr21_subset.amb",
                "bwa/bwa/chr21_subset.ann",
                "bwa/bwa/chr21_subset.bwt",
                "bwa/bwa/chr21_subset.pac",
                "bwa/bwa/chr21_subset.sa",
                "cellranger",
                "cellranger/chr21.filtered.gtf",
                "chromosomes_sizes",
                "chromosomes_sizes/chromosomes_sizes.tsv",
                "chromosomes_sizes/versions.yml",
                "fasta",
                "fasta/chr21_subset.fa",
                "gatk4",
                "gatk4/chr21_subset.dict",
                "genes",
                "genes/chr21.gtf",
                "genes_db",
                "genes_db/genes.db",
                "genes_db/versions.yml",
                "genomes_config",
                "genomes_config/genomes_config",
                "genomes_config/genomes_config/genomes.config",
                "genomes_config/versions.yml",
                "md5sum",
                "md5sum/BismarkIndex.md5",
                "md5sum/README.md5",
                "md5sum/bed.md5",
                "md5sum/bowtie2.md5",
                "md5sum/bwa.md5",
                "md5sum/chr21_subset.fa.md5",
                "md5sum/chr21_subset.md5",
                "md5sum/chromosomes_sizes.md5",
                "md5sum/genes.md5",
                "md5sum/genomes_config.md5",
                "md5sum/no_atac.md5",
                "md5sum/no_cellranger.md5",
                "md5sum/no_cellranger_vdj.md5",
                "md5sum/no_spaceranger.md5",
                "md5sum/rsem.md5",
                "md5sum/salmon.md5",
                "md5sum/star.md5",
                "pipeline_info",
                "pipeline_info/genomeprep_software_versions.yml",
                "readme",
                "readme/README.md",
                "rsem",
                "rsem/genome.transcripts.fa",
                "rsem/rsem",
                "rsem/rsem/chr21_subset.fa",
                "rsem/rsem/genome.chrlist",
                "rsem/rsem/genome.grp",
                "rsem/rsem/genome.idx.fa",
                "rsem/rsem/genome.n2g.idx.fa",
                "rsem/rsem/genome.seq",
                "rsem/rsem/genome.ti",
                "rsem/rsem/genome.transcripts.fa",
                "salmon",
                "salmon/salmon",
                "salmon/salmon/complete_ref_lens.bin",
                "salmon/salmon/ctable.bin",
                "salmon/salmon/ctg_offsets.bin",
                "salmon/salmon/duplicate_clusters.tsv",
                "salmon/salmon/info.json",
                "salmon/salmon/mphf.bin",
                "salmon/salmon/pos.bin",
                "salmon/salmon/pre_indexing.log",
                "salmon/salmon/rank.bin",
                "salmon/salmon/refAccumLengths.bin",
                "salmon/salmon/ref_indexing.log",
                "salmon/salmon/reflengths.bin",
                "salmon/salmon/refseq.bin",
                "salmon/salmon/seq.bin",
                "salmon/salmon/versionInfo.json",
                "samtools",
                "samtools/chr21_subset.fa.fai",
                "star",
                "star/star",
                "star/star/Genome",
                "star/star/Log.out",
                "star/star/SA",
                "star/star/SAindex",
                "star/star/chrLength.txt",
                "star/star/chrName.txt",
                "star/star/chrNameLength.txt",
                "star/star/chrStart.txt",
                "star/star/exonGeTrInfo.tab",
                "star/star/exonInfo.tab",
                "star/star/geneInfo.tab",
                "star/star/genomeParameters.txt",
                "star/star/sjdbInfo.txt",
                "star/star/sjdbList.fromGTF.out.tab",
                "star/star/sjdbList.out.tab",
                "star/star/transcriptInfo.tab"
            ],
            [
                "genes.bed:md5,509759dc81a6f6419114d0f7fd7289d3",
                "promoters.bed:md5,df70e1be707ecb97ced77df5723d0d9c",
                "versions.yml:md5,988468118eeebfbd9099d1ee8da7689e",
                "BS_CT.1.bt2:md5,e064508345ce42d16dec549b12dc0974",
                "BS_CT.2.bt2:md5,d44e6eec731ec585e61f654506e90b82",
                "BS_CT.3.bt2:md5,de813fdcf4363cd89510e83fbd2183ea",
                "BS_CT.4.bt2:md5,7a8570c2ebea66e219701992fe022a2e",
                "BS_CT.rev.1.bt2:md5,c45f21e80dabcf4d1949dcb98319b0b0",
                "BS_CT.rev.2.bt2:md5,ef6a48370b242c953a9fef111f6d3699",
                "genome_mfa.CT_conversion.fa:md5,a31d41796e1b495cb18f2e3a0d6e9ea7",
                "BS_GA.1.bt2:md5,0230acc4c23c17e8ef195f8cc2630d98",
                "BS_GA.2.bt2:md5,4be3659add7b382e4da0db82f3bd1c1f",
                "BS_GA.3.bt2:md5,de813fdcf4363cd89510e83fbd2183ea",
                "BS_GA.4.bt2:md5,d6ac07330c825d059752629d88469201",
                "BS_GA.rev.1.bt2:md5,d9cc5427e961c376a479d68ca1355062",
                "BS_GA.rev.2.bt2:md5,a990a2a7fc3285303c8863cecc5208f8",
                "genome_mfa.GA_conversion.fa:md5,6dcd5f67ac6df84f83ba21b3af2310f5",
                "chr21_subset.fa:md5,c6fa457eee4d5f0fb25b4daab2809691",
                "chr21_subset.1.bt2:md5,267fac3ba2c16e32836481a79da0d837",
                "chr21_subset.2.bt2:md5,933c289710655b1381ff7d92920e535f",
                "chr21_subset.3.bt2:md5,de813fdcf4363cd89510e83fbd2183ea",
                "chr21_subset.4.bt2:md5,dc40d9cc41db7b8f1a80c9e44e70fd69",
                "chr21_subset.rev.1.bt2:md5,e660cdd46710f52bdded690fc27421d1",
                "chr21_subset.rev.2.bt2:md5,1719601ec35f7e5412d135c03883ea7e",
                "chr21_subset.amb:md5,8d4cdd935f863f758b24accb8e0b7de2",
                "chr21_subset.ann:md5,ca348657b5113aeada3d4a71c02ce4ab",
                "chr21_subset.bwt:md5,f75c5cbe4a206fe4d4df65b8b02edda2",
                "chr21_subset.pac:md5,97aa4e67d31cd8f3322233d87aee5201",
                "chr21_subset.sa:md5,3b8e1477500bd0e4981aed409d3676bc",
                "chr21.filtered.gtf:md5,8f73df043a7dc8399be5e44ae4c2bad7",
                "chromosomes_sizes.tsv:md5,7846e6170866238708a6855a1100c6b0",
                "versions.yml:md5,35855c4fef77e59e1282c3421305daa5",
                "chr21_subset.fa:md5,c6fa457eee4d5f0fb25b4daab2809691",
                "chr21_subset.dict:md5,f53cf390fc1ec9f5c54d0ec306cf570d",
                "chr21.gtf:md5,c05cbc537449124ae096174af00f3dc5",
                "versions.yml:md5,cf8544d8590f4318f3617c1ea960e8a5",
                "genomes.config:md5,f48ee6c329e0a3235f99caeaf5c2f633",
                "versions.yml:md5,0d2798786f6e12197d3066c5c1c984b1",
                "README.md:md5,c29393520a46729d5f6f94ba0151c6a3",
                "genome.transcripts.fa:md5,bb06848dc5604c73fa4b2b1d05436668",
                "chr21_subset.fa:md5,c6fa457eee4d5f0fb25b4daab2809691",
                "genome.chrlist:md5,b866c6c25db4fd35c06c3b496803ed7c",
                "genome.grp:md5,6085a0cf3d2411b425dca25500ec4132",
                "genome.idx.fa:md5,bb06848dc5604c73fa4b2b1d05436668",
                "genome.n2g.idx.fa:md5,bb06848dc5604c73fa4b2b1d05436668",
                "genome.seq:md5,4579e4c115e661e21bdb7658d3bf0f67",
                "genome.ti:md5,68f71346f5c88f2be1ff0853d714969a",
                "genome.transcripts.fa:md5,bb06848dc5604c73fa4b2b1d05436668",
                "complete_ref_lens.bin:md5,abf5bc47312ca79873f0211b297023a0",
                "ctg_offsets.bin:md5,d6f31c870a8aaadc2a1c25d334d0aa13",
                "duplicate_clusters.tsv:md5,9bb619b53d3126990d6789dc876b5c52",
                "info.json:md5,c3016cdddf5c40dd07dddae5cb1e75d8",
                "mphf.bin:md5,94afda523abfdfc6263e0d942aae639c",
                "rank.bin:md5,82ffa159a1b67b0179d9f4e125b86fdd",
                "refAccumLengths.bin:md5,ddfd73f9942cd96551d204d3335fa819",
                "reflengths.bin:md5,abf5bc47312ca79873f0211b297023a0",
                "refseq.bin:md5,566a585417f495560f8aa753403efd07",
                "versionInfo.json:md5,d2c799050e81aa6e282ac8a73e773941",
                "chr21_subset.fa.fai:md5,fdfb7acbb9e80329bac061be3c7298ff",
                "Genome:md5,45dc3ce43f4e78d7ab0870454147321d",
                "SA:md5,d5e3e0f3e8a0e78369cda058e430e924",
                "SAindex:md5,6768961fcb85294300e02c4c9bda4f75",
                "chrLength.txt:md5,7e0c250b058cbbdace4c2ceb119bc248",
                "chrName.txt:md5,fe9d26c3e620eeb69bd166c8be89fb8f",
                "chrNameLength.txt:md5,b866c6c25db4fd35c06c3b496803ed7c",
                "chrStart.txt:md5,2666d35c9f4650da7abb224c904344c5",
                "exonGeTrInfo.tab:md5,bd8a1c56333b0b63f326759189c26084",
                "exonInfo.tab:md5,ec420573dab6c2438cc9e25732fd7083",
                "geneInfo.tab:md5,1c03bda88b70dace0a21e545032b9673",
                "genomeParameters.txt:md5,4dfbc4d484fc89912bf1e3d271be5da0",
                "sjdbInfo.txt:md5,92f0272ad29008b8deafa0fb3759b685",
                "sjdbList.fromGTF.out.tab:md5,3168cbdbfb05534c7803c638b90e71e2",
                "sjdbList.out.tab:md5,02cc97b325998287ad984fe0c1f04a3f",
                "transcriptInfo.tab:md5,ebe334b682cdb23c3bebaa6f8aaf06cb"
            ]
        ],
        "meta": {
            "nf-test": "0.9.2",
            "nextflow": "25.04.4"
        },
        "timestamp": "2025-11-17T15:11:16.988512"
    }
}